Script started on 2020-01-17 12:37:51+10:00 [TERM="xterm-256color" TTY="/dev/pts/4" COLUMNS="90" LINES="22"]
]777;notify;Command completed;instances\]777;precmd\]0;m@localhost:~/.bash-my-aws\]7;file://localhost.localdomain/home/m/.bash-my-aws\
$ [H[2J
$ instances
Â777;preexecÂœi-09974ff0cfed5c984  t3.small  terminated  huginn-bma   2020-01-16T14:45:32.000Z
i-009ae1cdd4d65077d  t3.nano   terminated  nginx-bma    2020-01-16T14:45:36.000Z
i-09c6be2d518d241e8  t3.nano   terminated  grafana-bma  2020-01-16T14:45:36.000Z
i-0fa4ade2079f1f6d5  t3.nano   terminated  nginx-bma    2020-01-17T01:40:11.000Z
i-0caa8abfb2288d843  t3.small  terminated  huginn-bma   2020-01-17T01:40:33.000Z
i-0a0a0067cffde6418  t3.nano   terminated  grafana-bma  2020-01-17T01:40:43.000Z
i-0c7a672a4b33a6b58  t3.small  terminated  huginn-bma   2020-01-17T01:42:06.000Z
i-09496ca69c367a215  t3.nano   terminated  grafana-bma  2020-01-17T01:42:16.000Z
i-0fd455eadd82ec264  t3.nano   terminated  grafana-bma  2020-01-17T01:42:16.000Z
i-01d847582db0e01f8  t3.small  terminated  huginn-bma   2020-01-17T01:42:38.000Z
i-0ac8d8aa4f31568bd  t3.nano   terminated  nginx-bma    2020-01-17T01:43:11.000Z
i-0a8dd0d41fe07d1bd  t3.nano   terminated  nginx-bma    2020-01-17T01:45:12.000Z
i-0588726918d6ee19b  t3.small  running     huginn-bma   2020-01-17T01:57:33.000Z
i-08ec93cf02239df3d  t3.nano   running     nginx-bma    2020-01-17T01:57:40.000Z
i-09b1a3bc8917b9ca0  t3.nano   running     grafana-bma  2020-01-17T01:57:42.000Z
]777;notify;Command completed;instances\]777;precmd\]0;m@localhost:~/.bash-my-aws\]7;file://localhost.localdomain/home/m/.bash-my-aws\
$ instances running
Â777;preexecÂœi-0588726918d6ee19b  t3.small  running  huginn-bma   2020-01-17T01:57:33.000Z
i-08ec93cf02239df3d  t3.nano   running  nginx-bma    2020-01-17T01:57:40.000Z
i-09b1a3bc8917b9ca0  t3.nano   running  grafana-bma  2020-01-17T01:57:42.000Z
]777;notify;Command completed;instances running\]777;precmd\]0;m@localhost:~/.bash-my-aws\]7;file://localhost.localdomain/home/m/.bash-my-aws\
$ [H[2J
$ instances running
Â777;preexecÂœi-0588726918d6ee19b  t3.small  running  huginn-bma   2020-01-17T01:57:33.000Z
i-08ec93cf02239df3d  t3.nano   running  nginx-bma    2020-01-17T01:57:40.000Z
i-09b1a3bc8917b9ca0  t3.nano   running  grafana-bma  2020-01-17T01:57:42.000Z
]777;notify;Command completed;instances running\]777;precmd\]0;m@localhost:~/.bash-my-aws\]7;file://localhost.localdomain/home/m/.bash-my-aws\
$ instances running | asg-[K[K[K[Kinstance-
instance-asg                             instance-state
instance-az                              instance-stop
instance-console                         instance-tags
instance-dns                             instance-terminate
instance-health-set-unhealthy            instance-termination-protection
instance-iam-profile                     instance-termination-protection-disable
instance-ip                              instance-termination-protection-enable
instance-ssh                             instance-type
instance-ssh-details                     instance-userdata
instance-stack                           instance-volumes
instance-start                           instance-vpc

$ instances running | instance-asg[H[2J
$ instances running | instance-asg
Â777;preexecÂœgrafana-bma-AutoScalingGroup-1NXJHMJVZQVMB  i-09b1a3bc8917b9ca0
nginx-bma-AutoScalingGroup-106KHAYHUSRHU    i-08ec93cf02239df3d
huginn-bma-AutoScalingGroup-QS7EQOT1G7OX    i-0588726918d6ee19b
]777;notify;Command completed;instances running | instance-asg\]777;precmd\]0;m@localhost:~/.bash-my-aws\]7;file://localhost.localdomain/home/m/.bash-my-aws\
$ instance-asg
Â777;preexecÂœUSAGE: instance-asg instance-id [instance-id]
]777;notify;Command completed;instance-asg\]777;precmd\]0;m@localhost:~/.bash-my-aws\]7;file://localhost.localdomain/home/m/.bash-my-aws\
$ instance-asgs running | instance-asg |asg- asg-[C[C[C[C
asg-capacity              asg-max-size-set          asg-scaling-activities
asg-desired-size-set      asg-min-size-set          asg-stack
asg-instances             asg-processes_suspended   asg-suspend
asg-launch-configuration  asg-resume                

$ instances running | instance-asg | asg-capacity 
Â777;preexecÂœgrafana-bma-AutoScalingGroup-1NXJHMJVZQVMB  1  1  2
huginn-bma-AutoScalingGroup-QS7EQOT1G7OX    1  1  2
nginx-bma-AutoScalingGroup-106KHAYHUSRHU    1  1  2
]777;notify;Command completed;instances running | instance-asg | asg-capacity \]777;precmd\]0;m@localhost:~/.bash-my-aws\]7;file://localhost.localdomain/home/m/.bash-my-aws\
$ instances running | instance-asg | asg-capacity [K[K[K[K[K[K[K[K[Kdesired-size-set 2
Â777;preexecÂœ]777;notify;Command completed;instances running | instance-asg | asg-desired-size-set 2\]777;precmd\]0;m@localhost:~/.bash-my-aws\]7;file://localhost.localdomain/home/m/.bash-my-aws\
$ ^C
]777;notify;Command completed;instances running | instance-asg | asg-desired-size-set 2\]777;precmd\]0;m@localhost:~/.bash-my-aws\]7;file://localhost.localdomain/home/m/.bash-my-aws\
$ vi lib/instance-functions 
Â777;preexecÂœ[?1049h[22;0;0t[>4;2m[?1h=[?2004h[1;22r[?12h[?12l[22;2t[22;1t[27m[23m[29m[m[H[2J[?25l[22;1H"lib/instance-functions" 645L, 19324C[2;1Hâ–½[6n[2;1H  [1;1H[>c]10;?]11;?[1;3H[38;5;130mexec[m [38;5;130m<[m/dev/tty [34m# reattach keyboard to STDIN[m

  [38;5;130mfor[m instance_id [38;5;130min[m [35m$instance_ids[m[38;5;130m;[m [38;5;130mdo
[m    [38;5;130mlocal[m[36m instance_details[m[38;5;130m="[m[35m$([m[35minstance-ssh-details [m[35m$instance_id)[m[38;5;130m"
[m    [38;5;130mlocal[m[36m instance_id[m[38;5;130m=[m[35m$([m[38;5;130mecho[m[31m [m[35m$instance_details[m[31m [m[38;5;130m|[m[35m awk [m[38;5;130m'[m[31m{print $1}[m[38;5;130m'[m[35m)[m
    [38;5;130mlocal[m[36m keyname[m[38;5;130m=[m[35m$([m[38;5;130mecho[m[31m [m[35m$instance_details[m[31m [m[38;5;130m|[m[35m awk [m[38;5;130m'[m[31m{print $2}[m[38;5;130m'[m[35m)[m
    [38;5;130mlocal[m[36m private_ip[m[38;5;130m=[m[35m$([m[38;5;130mecho[m[31m [m[35m$instance_details[m[31m [m[38;5;130m|[m[35m awk [m[38;5;130m'[m[31m{print $3}[m[38;5;130m'[m[35m)[m
    [38;5;130mlocal[m[36m instance_name[m[38;5;130m=[m[35m$([m[38;5;130mecho[m[31m [m[35m$instance_details[m[31m [m[38;5;130m|[m[35m awk [m[38;5;130m'[m[31m{print $4}[m[38;5;130m'[m[35m)[m
    [38;5;130mlocal[m[36m instance_default_user[m[38;5;130m=[m[35m$([m[38;5;130mecho[m[31m [m[35m$instance_details[m[31m [m[38;5;130m|[m[35m awk [m[38;5;130m'[m[31m{print $5}[m[38;5;130m'[m[35m)[m[11;5H[38;5;130mlocal[m[36m USERNAME[m[38;5;130m=[m[35m${user[m[38;5;130m:-[m[35m${instance_default_user[m[38;5;130m:-[m[35m${AWS_DEFAULT_USER[m[38;5;130m:-[mec2-user[35m}}}[m
    [38;5;130mecho[m[31m [m[38;5;130m"[m[31mConnecting to EC2 Instance [m[35m$instance_id[m[31m '[m[35m$instance_name[m[31m'[m[38;5;130m"[m[31m 2[m[38;5;130m>&[m[31m1[m[14;5Hssh[36C\[15;7H[38;5;130m-t[m[35C\[16;7H[38;5;130m-i[m [38;5;130m"[m[35m${BMA_SSH_DIR[m[38;5;130m:-[m~/.ssh/[35m}$keyname[m[38;5;130m"[m \[17;7H[38;5;130m-o[m [36mLogLevel[m=error[20C\[18;7H[38;5;130m-o[m [36mStrictHostKeyChecking[m=no[10C\[19;7H[38;5;130m-o[m [36mUserKnownHostsFile[m=/dev/null      \[20;7H[38;5;130m-l[m [38;5;130m"[m[35m$USERNAME[m[38;5;130m"[m[23C\[21;7H[38;5;130m"[m[35m$private_ip[m[38;5;130m"[?25hP+q436f\P+q6b75\P+q6b64\P+q6b72\P+q6b6c\P+q2332\P+q2334\P+q2569\P+q2a37\P+q6b31\[27m[23m[29m[m[H[2J[?25l[1;3H[93mexec[m [93m<[m/dev/tty [96m# reattach keyboard to STDIN[m

  [93mfor[m instance_id [93min[m [38;5;81m$instance_ids[m[93m;[m [93mdo
[m    [93mlocal[m[1m[96m instance_details[m[93m="[m[38;5;81m$([m[38;5;224minstance-ssh-details [m[38;5;81m$instance_id)[m[93m"
[m    [93mlocal[m[1m[96m instance_id[m[93m=[m[38;5;81m$([m[93mecho[m[95m [m[38;5;81m$instance_details[m[95m [m[93m|[m[38;5;224m awk [m[93m'[m[95m{print $1}[m[93m'[m[38;5;81m)[m
    [93mlocal[m[1m[96m keyname[m[93m=[m[38;5;81m$([m[93mecho[m[95m [m[38;5;81m$instance_details[m[95m [m[93m|[m[38;5;224m awk [m[93m'[m[95m{print $2}[m[93m'[m[38;5;81m)[m
    [93mlocal[m[1m[96m private_ip[m[93m=[m[38;5;81m$([m[93mecho[m[95m [m[38;5;81m$instance_details[m[95m [m[93m|[m[38;5;224m awk [m[93m'[m[95m{print $3}[m[93m'[m[38;5;81m)[m
    [93mlocal[m[1m[96m instance_name[m[93m=[m[38;5;81m$([m[93mecho[m[95m [m[38;5;81m$instance_details[m[95m [m[93m|[m[38;5;224m awk [m[93m'[m[95m{print $4}[m[93m'[m[38;5;81m)[m
    [93mlocal[m[1m[96m instance_default_user[m[93m=[m[38;5;81m$([m[93mecho[m[95m [m[38;5;81m$instance_details[m[95m [m[93m|[m[38;5;224m awk [m[93m'[m[95m{print $5}[m[93m'[m[38;5;81m)[m[11;5H[93mlocal[m[1m[96m USERNAME[m[93m=[m[38;5;81m${user[m[93m:-[m[38;5;81m${instance_default_user[m[93m:-[m[38;5;81m${AWS_DEFAULT_USER[m[93m:-[mec2-user[38;5;81m}}}[m
    [93mecho[m[95m [m[93m"[m[95mConnecting to EC2 Instance [m[38;5;81m$instance_id[m[95m '[m[38;5;81m$instance_name[m[95m'[m[93m"[m[95m 2[m[93m>&[m[95m1[m[14;5Hssh[36C\[15;7H[93m-t[m[35C\[16;7H[93m-i[m [93m"[m[38;5;81m${BMA_SSH_DIR[m[93m:-[m~/.ssh/[38;5;81m}$keyname[m[93m"[m \[17;7H[93m-o[m [1m[96mLogLevel[m=error[20C\[18;7H[93m-o[m [1m[96mStrictHostKeyChecking[m=no[10C\[19;7H[93m-o[m [1m[96mUserKnownHostsFile[m=/dev/null      \[20;7H[93m-l[m [93m"[m[38;5;81m$USERNAME[m[93m"[m[23C\[21;7H[93m"[m[38;5;81m$private_ip[m[93m"[m[22;73H253,5[9C38%"lib/instance-functions" 645L, 19324C[35C     [9C   [11;5H[?25h[?25l[22;63H/[11;5H[22;1H[K[22;1H/[?2004h[?25hc[?25l[1;6H[30m[103mc[19Cc[3;13Hc[15Cc[4;7Hc[m[9C[1m[30m[103mc[m[1m[96me_details[m[93m=[m[9C[30m[103mc[21Cc[5;7Hc[m[9C[1m[30m[103mc[m[1m[96me_id[m[93m=[m[3C[30m[103mc[10Cc[6;7Hc[14Cc[10Cc[7;7Hc[17Cc[10Cc[8;7Hc[m[9C[1m[30m[103mc[m[1m[96me_name[m[93m=[m[3C[30m[103mc[10Cc[9;7Hc[m[9C[1m[30m[103mc[m[1m[96me_default_user[m[93m=[m[3C[30m[103mc[10Cc[m[11;7H[7m[93mc[m[28C[30m[103mc[37Cc[12;6Hc[9Cc[18Cc[9Cc[13Cc[m[18;14H[1m[30m[103mc[m[1m[96mtHostKeyChe[m[1m[30m[103mc[m[1m[96mking[m=[22;73H253,7[9C38%[22;73H[K[22;3H[?25he[?25l[1;6H[93mc[m[19C[96mc[m[3;14H[30m[103me[15Ce[m[4;7H[93mc[m[10C[1m[30m[103me[m[1m[96m_details[m[93m=[m[10C[30m[103me[21Ce[m[5;7H[93mc[m[10C[1m[30m[103me[m[1m[96m_id[m[93m=[3Cc[m[11C[30m[103me[m[6;7H[93mc[14Cc[m[11C[30m[103me[m[7;7H[93mc[17Cc[m[11C[30m[103me[m[8;7H[93mc[m[10C[1m[30m[103me[m[1m[96m_name[m[93m=[3Cc[m[11C[30m[103me[m[9;7H[93mc[m[10C[1m[30m[103me[m[1m[96m_default_user[m[93m=[3Cc[m[11C[30m[103me[m[11;7H[93mc[m[28C[7m[38;5;81mce[m[36Cc[12;6H[93mc[m[9C[95mc[m[19C[30m[103me[9Ce[13Ce[m[18;14H[1m[96mctHostKeyChecking[m=[22;73H253,36[8C38%[22;73H[K[22;4H[?25h-[?25l[1;21r[1;1H[10M[1;22r[1;36H[38;5;81mce[m[2;35H[95mce[m[8C[38;5;81mce[12Cce[m[12;3H[93mdone[m
[1m[96m}


instan[m[1m[7m[96mce-[m[1m[96mssh-details() {[m

  [96m# List details needed to SSH into EC2 Instance(s)
[m  [96m#
[m  [96m#     USAGE: instan[m[30m[103mce-[m[96mssh-details [login] [instan[m[30m[103mce-[m[96mid] [instan[m[30m[103mce-[m[96mid][m[22;1H[K[22;73H268,7[9C40%/ce-[22;73H[K[22;5H[?25ha[?25l[27m[23m[29m[m[H[2J[1;3H[96m#     $ instances | instance-termination-protection
[m  [96m#     i-4e15ece1de1a3f869 DisableApiTermination=true
[m  [96m#     i-89cefa9403373d7a5 DisableApiTermination=false
[m  [96m#     i-806d8f1592e2a2efd DisableApiTermination=false
[m  [96m#     i-61e86ac6be1e2c193 DisableApiTermination=false[m

  [93mlocal[m[1m[96m instance_ids[m[93m=[m[38;5;81m$([m[38;5;224mskim-stdin [m[93m"[m[38;5;81m$@[m[93m"[m[38;5;81m)[m
  [38;5;224m[[[m [93m-z[m [38;5;81m$instance_ids[m [38;5;224m]][m [93m&&[m __bma_usage [93m"[m[95minstance-id [instance-id][m[93m"[m [93m&&[m [93mreturn[m [95m1[m

  [93mfor[m instance_id [93min[m [38;5;81m$instance_ids[m[93m;[m [93mdo[m
    aws ec2 describe-instan[7mce-a[mttribute \[12;7H[38;5;224m--attribute[m disableApiTermination \[13;7H[38;5;224m--instance-id[m [93m"[m[38;5;81m$instance_id[m[93m"[m      \[14;7H[38;5;224m--output[m text[21C\[15;7H[38;5;224m--query[m [93m"[m[95m[
        InstanceId,
        join('=', [
          'DisableApiTermination',
          to_string(DisableApiTermination.Value)
        ])
      ][m[93m"[m[22;73H476,28[8C74%/ce-a[22;73H[K[22;6H[?25hs[?25l[27m[23m[29m[m[H[2J[1;1H[95m        State.Name,
        [Tags[?Key=='Name'].Value][0][0],
        LaunchTime
      ][m[93m"[16C|
[m  [93mgrep[m [38;5;224m-E[m [38;5;224m--[m [93m"[m[38;5;81m$filters[m[93m"[m [93m|[m
  [38;5;81mLC_ALL[m[93m=[mC [93msort[m [38;5;224m-b[m [38;5;224m-k[m [95m5[m [93m|[m
  column [38;5;224m-s[m[93m$'[m[38;5;224m\t[m[93m'[m [38;5;224m-t[m
[1m[96m}


instan[m[1m[7m[96mce-as[m[1m[96mg() {[m

  [96m# List autoscaling group membership of EC2 Instance(s)
[m  [96m#
[m  [96m#     USAGE: instan[m[30m[103mce-as[m[96mg instance-id [instance-id][m

  [93mlocal[m[1m[96m instance_ids[m[93m=[m[38;5;81m$([m[38;5;224mskim-stdin [m[93m"[m[38;5;81m$@[m[93m"[m[38;5;81m)[m
  [38;5;224m[[[m [93m-z[m [38;5;81m$instance_ids[m [38;5;224m]][m [93m&&[m __bma_usage [93m"[m[95minstance-id [instance-id][m[93m"[m [93m&&[m [93mreturn[m [95m1[m

  aws ec2 describe-instances      \
    [38;5;224m--instance-ids[m [38;5;81m$instance_ids[m  \[22;73H43,7[11C5%/ce-as[22;73H[K[22;7H[?25hg[?25l[11;12H[1m[7m[96mg[m[1m[96m() {[m[15;27H[30m[103mg[m[22;73H43,7[11C5%[22;73H[K[22;8H[?25h[?25l[38;5;224msearch hit BOTTOM, continuing at TOP[11;7H[m[1m[30m[103mce-asg[m[1m[96m() {[m[22;73H43,7[11C5%[22;73H[K[22;73H43,7[11C5%[11;7H[?25h[?25l[22;63Hj[11;7H[22;63H [12;1H[22;74H4,0-1[12;1H[?25h[?25l[22;63Hj[12;1H[22;63H [13;7H[22;74H5,7  [13;7H[?25h[?25l[22;63Hj[13;7H[22;63H [14;3H[22;74H6,3[14;3H[?25h[?25l[22;63Hj[14;3H[22;63H [15;7H[22;74H7,7[15;7H[?25h[?25l[22;63Hj[15;7H[22;63H [16;1H[22;74H8,0-1[16;1H[?25h[?25l[22;63Hj[16;1H[22;63H [16;7H[1;21r[21;1H
[1;22r[21;5H[38;5;224m--output[m text[17C\[22;1H[K[22;73H49,7[11C5%[16;7H[?25h[?25l[22;63Hj[16;7H[22;63H [16;7H[1;21r[21;1H
[1;22r[21;5H[38;5;224m--query[m [93m"[m[22;73H[K[22;73H50,7[11C5%[16;7H[?25h[?25l[22;63Hj[16;7H[22;63H [16;1H[1;21r[21;1H
[1;22r[21;1H[95m      Reservations[].Instances[][[m[22;73H[K[22;73H51,0-1[9C5%[16;1H[?25h[?25l[22;63Hj[16;1H[22;63H [16;7H[1;21r[21;1H
[1;22r[21;1H[95m        {[m[22;73H[K[22;73H52,7[11C5%[16;7H[?25h[?25l[22;63Hj[16;7H[22;63H [16;7H[1;21r[21;1H
[1;22r[21;1H[95m          [m[93m"[mAutoscalingGroupName[93m"[m[95m:[m[22;73H[K[22;73H53,7[11C5%[16;7H[?25h[?25l[22;63Hj[16;7H[22;63H [16;7H[1;21r[21;1H
[1;22r[21;1H[95m            [Tags[?Key=='aws:autoscaling:groupName'].Value][0][0],[m[22;73H[K[22;73H54,7[11C6%[16;7H[?25h[?25l[22;63H:[16;7H[22;63H[K[22;1H:[?2004h[?25hq[?25l[?2004l[23;2t[23;1t[22;1H[K[22;1H[?2004l[?1l>[?25h[>4;m[?1049l[23;0;0t]777;notify;Command completed;vi lib/instance-functions \]777;precmd\]0;m@localhost:~/.bash-my-aws\]7;file://localhost.localdomain/home/m/.bash-my-aws\
$ vi lib/sk[K[Kli[K[Kshared-functions 
Â777;preexecÂœ[?1049h[22;0;0t[>4;2m[?1h=[?2004h[1;22r[?12h[?12l[22;2t[22;1t[27m[23m[29m[m[H[2J[?25l[22;1H"lib/shared-functions" 78L, 1728C[2;1Hâ–½[6n[2;1H  [1;1H[>c]10;?]11;?[1;1H[34m#!/bin/bash
#
# internal-functions
#
# Used by bash-my-aws functions to work with stdin and arguments.[m


[36mskim-stdin() {[m

  [34m# Append first token from each line of STDIN to argument list
[m  [34m#
[m  [34m# Implementation of `pipe-skimming` pattern.
[m  [34m#
[m  [34m# Typical usage within Bash-my-AWS:
[m  [34m#
[m  [34m#   - local asg_names=$(skim-stdin "$@") # Append to arg list
[m  [34m#   - local asg_names=$(skim-stdin)      # Only draw from STDIN
[m  [34m#
[m  [34m#     $ stacks | skim-stdin foo bar
[m  [34m#     foo bar huginn mastodon grafana
[m  [34m#[m[22;73H1,1[11CTop[1;1H[?25hP+q436f\P+q6b75\P+q6b64\P+q6b72\P+q6b6c\P+q2332\P+q2334\P+q2569\P+q2a37\P+q6b31\[27m[23m[29m[m[H[2J[?25l[1;1H[96m#!/bin/bash
#
# internal-functions
#
# Used by bash-my-aws functions to work with stdin and arguments.[m


[1m[96mskim-stdin() {[m

  [96m# Append first token from each line of STDIN to argument list
[m  [96m#
[m  [96m# Implementation of `pipe-skimming` pattern.
[m  [96m#
[m  [96m# Typical usage within Bash-my-AWS:
[m  [96m#
[m  [96m#   - local asg_names=$(skim-stdin "$@") # Append to arg list
[m  [96m#   - local asg_names=$(skim-stdin)      # Only draw from STDIN
[m  [96m#
[m  [96m#     $ stacks | skim-stdin foo bar
[m  [96m#     foo bar huginn mastodon grafana
[m  [96m#[m[22;73H1,1[11CTop"lib/shared-functions" 78L, 1728C[1;1H[?25h[?25l[22;63Hj[1;1H[22;63H [2;1H[22;73H2[2;1H[?25h[?25l[22;63Hj[2;1H[22;63H [3;1H[22;73H3[3;1H[?25h[?25l[22;63Hj[3;1H[22;63H [4;1H[22;73H4[4;1H[?25h[?25l[22;63Hj[4;1H[22;63H [5;1H[22;73H5[5;1H[?25h[?25l[22;63Hj[5;1H[22;63H [6;1H[22;73H6,0-1[6;1H[?25h[?25l[22;63Hj[6;1H[22;63H [7;1H[22;73H7[7;1H[?25h[?25l[22;63Hj[7;1H[22;63H [8;1H[22;73H8,1  [8;1H[?25h[?25l[22;63Hj[8;1H[22;63H [9;1H[22;73H9,0-1[9;1H[?25h[?25l[22;63Hj[9;1H[22;63H [10;1H[22;73H10,1 [10;1H[?25h[?25l[22;63Hj[10;1H[22;63H [11;1H[22;74H1[11;1H[?25h[?25l[22;63Hj[11;1H[22;63H [12;1H[22;74H2[12;1H[?25h[?25l[22;63Hj[12;1H[22;63H [13;1H[22;74H3[13;1H[?25h[?25l[22;63Hj[13;1H[22;63H [14;1H[22;74H4[14;1H[?25h[?25l[22;63Hj[14;1H[22;63H [15;1H[22;74H5[15;1H[?25h[?25l[22;63Hj[15;1H[22;63H [16;1H[22;74H6[16;1H[?25h[?25l[22;63Hj[16;1H[22;63H [16;1H[1;21r[21;1H
[1;22r[21;3H[96m#     $ stacks[m[22;1H[K[22;73H17,1[11C1%[16;1H[?25h[?25l[22;63Hj[16;1H[22;63H [16;1H[1;21r[21;1H
[1;22r[21;3H[96m#     huginn    CREATE_COMPLETE  2020-01-11T06:18:46.905Z  NEVER_UPDATED  NOT_NESTED[m[22;73H[K[22;73H18,1[11C3%[16;1H[?25h[?25l[22;63Hj[16;1H[22;63H [16;1H[1;21r[21;1H
[1;22r[21;3H[96m#     mastodon  CREATE_COMPLETE  2020-01-11T06:19:31.958Z  NEVER_UPDATED  NOT_NESTED[m[22;73H[K[22;73H19,1[11C5%[16;1H[?25h[?25l[22;63Hj[16;1H[22;63H [16;1H[1;21r[21;1H
[1;22r[21;3H[96m#     grafana   CREATE_COMPLETE  2020-01-11T06:19:47.001Z  NEVER_UPDATED  NOT_NESTED[m[22;73H[K[22;73H20,1[11C7%[16;1H[?25h[?25l[22;63Hj[16;1H[22;63H [16;1H[1;21r[21;1H
[1;22r[22;73H[K[22;73H21,1[11C8%[16;1H[?25h[?25l[22;63Hj[16;1H[22;63H [16;1H[1;21r[21;1H
[1;22r[21;3H[93m([m[22;73H[K[22;73H22,1[10C10%[16;1H[?25h[?25l[22;63Hj[16;1H[22;63H [16;1H[1;21r[21;1H
[1;22r[21;5H[93mprintf[m [38;5;224m--[m [93m"[m[38;5;81m$*[m[93m"[m[27C[96m# Print all args[m[22;73H[K[22;73H23,1[10C12%[16;1H[?25h[?25l[22;63Hj[16;1H[22;63H [16;1H[1;21r[21;1H
[1;22r[21;5H[93mprintf[m [93m"[m[95m [m[93m"[m[31C[96m# Print a space[m[22;73H[K[22;73H24,1[10C14%[16;1H[?25h[?25l[22;63Hj[16;1H[22;63H [16;1H[1;21r[21;1H
[1;22r[21;5H[93m[[[m [93m-t[m [95m0[m [93m]][m [93m||[m awk [93m'[m[95mORS=" " { print $1 }[m[93m'[m [96m# Print first token of each line of STDIN[m[22;73H[K[22;73H25,1[10C15%[16;1H[?25h[?25l[22;63Hj[16;1H[22;63H [16;1H[1;21r[21;1H
[1;22r[21;3H[93m)[m [93m|[m awk [93m'[m[95m{$1=$1;print}[m[93m'[m[20C[96m# Trim leading/trailing spaces[m[22;73H[K[22;73H26,0-1[8C17%[16;1H[?25h[?25l[22;63Hj[16;1H[22;63H [16;1H[1;21r[21;1H
[1;22r[21;1H[1m[96m}[m[22;73H[K[22;73H27,1[10C19%[16;1H[?25h[?25l[22;63Hj[16;1H[22;63H [16;1H[1;21r[21;1H
[1;22r[22;73H[K[22;73H28,1[10C21%[16;1H[?25h[?25l[22;63Hj[16;1H[22;63H [16;1H[1;21r[21;1H
[1;22r[22;73H[K[22;73H29,1[10C22%[16;1H[?25h[?25l[22;63Hj[16;1H[22;63H [16;1H[1;21r[21;1H
[1;22r[21;1H[1m[96m__bma_read_filters() {[m[22;73H[K[22;73H30,1[10C24%[16;1H[?25h[?25l[22;63Hj[16;1H[22;63H [16;1H[1;21r[21;1H
[1;22r[22;73H[K[22;73H31,1[10C26%[16;1H[?25h[?25l[22;63H:[16;1H[22;63H[K[22;1H:[?2004h[?25hq[?25l[?2004l[23;2t[23;1t[22;1H[K[22;1H[?2004l[?1l>[?25h[>4;m[?1049l[23;0;0t]777;notify;Command completed;vi lib/shared-functions \]777;precmd\]0;m@localhost:~/.bash-my-aws\]7;file://localhost.localdomain/home/m/.bash-my-aws\
$ stac[K[K[K[Kinstances [K[K[K[K[K[K[K[K[K[Kexit

Script done on 2020-01-17 12:42:51+10:00 [COMMAND_EXIT_CODE="0"]
